== @chanel
  web_profile=429
  imginn=200
  FAIL no official CDN url
== @cartier
  web_profile=429
  imginn=200
  FAIL no official CDN url
== @vancleefarpels
  web_profile=429
  imginn=200
  FAIL no official CDN url
== @tiffanyandco
  web_profile=429
  imginn=200
  FAIL no official CDN url
== @bulgari
  web_profile=429
  imginn=410
  FAIL no official CDN url
== @bvlgari
  web_profile=429
  imginn=200
  FAIL no official CDN url
== @chaumetofficial
  web_profile=429
  imginn=200
  FAIL no official CDN url
== @chromeheartsofficial
  web_profile=429
  imginn=200
  FAIL no official CDN url
== @gucci
  web_profile=429
  imginn=200
  FAIL no official CDN url
== @hermes
  web_profile=429
  imginn=200
  FAIL no official CDN url
== @prada
  web_profile=429
  imginn=200
  FAIL no official CDN url
== @fredjewelry
  web_profile=429
  imginn=200
  FAIL no official CDN url
== @louisvuitton
  web_profile=429
  imginn=200
  FAIL no official CDN url
== @damianiofficial
  web_profile=429
  imginn=200
  FAIL no official CDN url
== @boucheron
  web_profile=429
  imginn=200
  FAIL no official CDN url
== @highsnobiety
  web_profile=429
  imginn=200
  FAIL no official CDN url
== @esquiresg
  web_profile=429
  imginn=200
  FAIL no official CDN url
== @diamondsindubaii
  web_profile=429
  imginn=200
  FAIL no official CDN url
== @lofficielmalaysia
  web_profile=429
  imginn=410
  FAIL no official CDN url
== @joopiter
  web_profile=429
  imginn=200
  FAIL no official CDN url
== @legitgrails
  web_profile=429
  imginn=200
  FAIL no official CDN url
== @archivethreads
  web_profile=429
  imginn=200
  FAIL no official CDN url
== @designerarchives
  web_profile=429
  imginn=200
  FAIL no official CDN url
== @drbengee
  web_profile=429
  imginn=200
  FAIL no official CDN url
== @imsaintkatherine
  web_profile=429
  imginn=200
  FAIL no official CDN url
== @amandagorman
  web_profile=429
  imginn=200
  FAIL no official CDN url
== @hermesselebriti
  web_profile=429
  imginn=200
  FAIL no official CDN url
== @saveasme1
  web_profile=429
  imginn=200
  FAIL no official CDN url
DONE 0/28
